[fig1] gpu=0 arms='pra_hi h_pra_hi pra_h_hi' views='2 4 8 16 24 32' scenes=256
[fig1] pra_hi v=2 ...
[fig1] pra_hi v=2 FAILED (see fig1_viewsweep/pra_hi_v2.log)
[fig1] pra_hi v=4 ...
[fig1] pra_hi v=4 FAILED (see fig1_viewsweep/pra_hi_v4.log)
[fig1] pra_hi v=8 ...
[fig1] pra_hi v=16 ...
[fig1] pra_hi v=24 ...
[fig1] pra_hi v=32 ...
[fig1] h_pra_hi v=2 ...
[fig1] h_pra_hi v=4 ...
[fig1] h_pra_hi v=8 ...
[fig1] h_pra_hi v=16 ...
[fig1] h_pra_hi v=24 ...
[fig1] h_pra_hi v=32 ...
[fig1] pra_h_hi v=2 ...
[fig1] pra_h_hi v=4 ...
[fig1] pra_h_hi v=8 ...
[fig1] pra_h_hi v=16 ...
[fig1] pra_h_hi v=24 ...
[fig1] pra_h_hi v=32 ...
[fig1] done; results in fig1_viewsweep/
